../Core/Src/main.cpp:83:5:int main()	8	static
../Core/Src/main.cpp:133:6:void SystemClock_Config()	88	static
../Core/Src/main.cpp:180:13:void MX_I2C1_Init()	8	static
../Core/Src/main.cpp:214:13:void MX_I2C2_Init()	8	static
../Core/Src/main.cpp:248:13:void MX_SPI1_Init()	8	static
../Core/Src/main.cpp:286:13:void MX_TIM1_Init()	96	static
../Core/Src/main.cpp:373:13:void MX_TIM2_Init()	32	static
../Core/Src/main.cpp:418:13:void MX_TIM3_Init()	64	static
../Core/Src/main.cpp:481:13:void MX_USART2_UART_Init()	8	static
../Core/Src/main.cpp:514:13:void MX_GPIO_Init()	40	static
../Core/Src/main.cpp:547:6:void acc_write(uint8_t*)	24	static
../Core/Src/main.cpp:551:6:void acc_read()	24	static
../Core/Src/main.cpp:556:6:void gyro_write(uint8_t*)	24	static
../Core/Src/main.cpp:560:6:void gyro_read()	24	static
../Core/Src/main.cpp:570:6:void Error_Handler()	4	static,ignoring_inline_asm
