../Core/Src/main.cpp:80:5:int main()	8	static
../Core/Src/main.cpp:137:6:void SystemClock_Config()	88	static
../Core/Src/main.cpp:184:13:void MX_I2C1_Init()	8	static
../Core/Src/main.cpp:218:13:void MX_I2C2_Init()	8	static
../Core/Src/main.cpp:252:13:void MX_SPI1_Init()	8	static
../Core/Src/main.cpp:290:13:void MX_TIM1_Init()	96	static
../Core/Src/main.cpp:377:13:void MX_TIM2_Init()	32	static
../Core/Src/main.cpp:422:13:void MX_TIM3_Init()	64	static
../Core/Src/main.cpp:485:13:void MX_USART2_UART_Init()	8	static
../Core/Src/main.cpp:518:13:void MX_GPIO_Init()	40	static
../Core/Src/main.cpp:558:6:void Error_Handler()	4	static,ignoring_inline_asm
