../Core/Src/main.c:80:5:main	8	static
../Core/Src/main.c:130:6:SystemClock_Config	88	static
../Core/Src/main.c:177:13:MX_I2C1_Init	8	static
../Core/Src/main.c:211:13:MX_I2C2_Init	8	static
../Core/Src/main.c:245:13:MX_SPI1_Init	8	static
../Core/Src/main.c:283:13:MX_TIM1_Init	96	static
../Core/Src/main.c:370:13:MX_TIM2_Init	32	static
../Core/Src/main.c:415:13:MX_TIM3_Init	64	static
../Core/Src/main.c:478:13:MX_USART2_UART_Init	8	static
../Core/Src/main.c:511:13:MX_GPIO_Init	40	static
../Core/Src/main.c:551:6:Error_Handler	4	static,ignoring_inline_asm
