../Core/Src/main.cpp:82:5:int main()	8	static
../Core/Src/main.cpp:132:6:void SystemClock_Config()	88	static
../Core/Src/main.cpp:174:13:void MX_I2C1_Init()	8	static
../Core/Src/main.cpp:208:13:void MX_I2C2_Init()	8	static
../Core/Src/main.cpp:242:13:void MX_SPI1_Init()	8	static
../Core/Src/main.cpp:280:13:void MX_TIM1_Init()	96	static
../Core/Src/main.cpp:367:13:void MX_TIM2_Init()	32	static
../Core/Src/main.cpp:412:13:void MX_TIM3_Init()	64	static
../Core/Src/main.cpp:475:13:void MX_USART2_UART_Init()	8	static
../Core/Src/main.cpp:508:13:void MX_GPIO_Init()	40	static
../Core/Src/main.cpp:541:6:void acc_write(uint8_t*)	24	static
../Core/Src/main.cpp:545:6:void acc_read()	24	static
../Core/Src/main.cpp:550:6:void gyro_write(uint8_t*)	24	static
../Core/Src/main.cpp:554:6:void gyro_read()	24	static
../Core/Src/main.cpp:564:6:void Error_Handler()	4	static,ignoring_inline_asm
